EN project2 NULL /home/student2/slogozzo/COE758/Project2/Project2/game.vhd sub00/vhpl02 1699980812
AR project2 behavioral /home/student2/slogozzo/COE758/Project2/Project2/game.vhd sub00/vhpl03 1699980813
AR game behavioral /home/student2/slogozzo/COE758/Project2/Project2/game.vhd sub00/vhpl01 1699980234
EN game NULL /home/student2/slogozzo/COE758/Project2/Project2/game.vhd sub00/vhpl00 1699980233
