V3 3
FL /home/student2/slogozzo/COE758/Project2/Project2/game.vhd 2023/11/14.11:52:56 O.87xd
EN work/project2 1699980812 \
      FL /home/student2/slogozzo/COE758/Project2/Project2/game.vhd \
      PB ieee/std_logic_1164 1325952872 PB ieee/std_logic_arith 1325952873 \
      PB ieee/STD_LOGIC_UNSIGNED 1325952875
AR work/project2/Behavioral 1699980813 \
      FL /home/student2/slogozzo/COE758/Project2/Project2/game.vhd \
      EN work/project2 1699980812
